{"gulp-accessibility/example/index.html":{"counters":{"error":2,"notice":2,"warning":1},"messageLog":[{"heading":"NOTICE","issue":"WCAG2A.Principle2.Guideline2_4.2_4_2.H25.2","description":"Check that the title element describes the document.","position":{"lineNumber":4,"columnNumber":4},"element":{"node":"<title>Test</title>","class":"","id":""}},{"heading":"ERROR","issue":"WCAG2A.Principle3.Guideline3_1.3_1_1.H57.2","description":"The html element should have a lang or xml:lang attribute which describes the language of the document.","position":{"lineNumber":1,"columnNumber":0},"element":{"node":"<html><head>\n    <title>Test</title>\n  </head>\n  <body>\n    <h1>Title</h1>\n    <h3 style=\"color: #aaa\">Subtitle</h3>\n    Lorem ipsum <a href=\"#test\" style=\"text-decoration: none; color: inherit;\">Test</a> dolor sit amet.\n  \n\n<script class=\"jsdom\" src=\"gulp-accessibility/node_modules/access-sniff/dist/HTMLCS.min.js\"></script></body></html>","class":"","id":""}},{"heading":"WARNING","issue":"WCAG2A.Principle1.Guideline1_3.1_3_1_A.G141","description":"The heading structure is not logically nested. This h3 element should be an h2 to be properly nested.","position":{"lineNumber":8,"columnNumber":4},"element":{"node":"<h3 style=\"color: #aaa\">Subtitle</h3>","class":"","id":""}},{"heading":"ERROR","issue":"WCAG2A.Principle2.Guideline2_4.2_4_1.G1,G123,G124.NoSuchID","description":"This link points to a named anchor \"test\" within the document, but no anchor exists with that name.","position":{"lineNumber":9,"columnNumber":16},"element":{"node":"<a href=\"#test\" style=\"text-decoration: none; color: inherit;\">Test</a>","class":"","id":""}},{"heading":"NOTICE","issue":"WCAG2A.Principle2.Guideline2_4.2_4_4.H77,H78,H79,H80,H81","description":"Check that the link text combined with programmatically determined link context identifies the purpose of the link.","position":{"lineNumber":9,"columnNumber":16},"element":{"node":"<a href=\"#test\" style=\"text-decoration: none; color: inherit;\">Test</a>","class":"","id":""}}]}}